(module
  (type $type0 (func (result i32)))
  (type $type1 (func (param i32 i32)))
  (type $type2 (func (param i32) (result i32)))
  (memory (;0;) 1)
  (export "store" (func $func1))
  (export "load" (func $func2))
  (export "grow_memory" (func $func3))
  (func $func0 (result i32)
    memory.size
    i32.const 65536
    i32.mul
  )
  (func $func1 (param $var0 i32) (param $var1 i32)
    call $func0
    get_local $var0
    i32.add
    get_local $var1
    i32.store
  )
  (func $func2 (param $var0 i32) (result i32)
    call $func0
    get_local $var0
    i32.add
    i32.load
  )
  (func $func3 (param $var0 i32) (result i32)
    get_local $var0
    memory.grow
  )
)
