(module
  (type $type0 (func (result i32)))
  (memory (;0;) 0 0)
  (export "memsize" (func $func0))
  (func $func0 (result i32)
    memory.size
  )
  (data (i32.const 0)
    ""
  )
)
